drwxrwxr-x 3 htg_sensei htg_sensei   4096 Jan  8 19:54 .
drwxrwxr-x 3 htg_sensei htg_sensei   4096 Jan  7 20:27 ..
drwxrwxr-x 2 htg_sensei htg_sensei   4096 Jan  8 19:55 expected_outputs
