2090110@yahoo.co.in
95150@yahoo.co.in
405050@yahoo.co.in
1570740@yahoo.co.in
19170@yahoo.co.in
1828160@yahoo.co.in
79880@yahoo.co.in
344320@yahoo.co.in
1389220@yahoo.co.in
14730@yahoo.co.in
760760@yahoo.co.in
39410@yahoo.co.in
247780@yahoo.co.in
467730@yahoo.co.in
5850@yahoo.co.in
2081300@yahoo.co.in
90210@yahoo.co.in
399670@yahoo.co.in
1574020@yahoo.co.in
17400@yahoo.co.in
1821610@yahoo.co.in
77540@yahoo.co.in
341110@yahoo.co.in
1389260@yahoo.co.in
13700@yahoo.co.in
781460@yahoo.co.in
36710@yahoo.co.in
248760@yahoo.co.in
490660@yahoo.co.in
5320@yahoo.co.in
2097310@yahoo.co.in
92840@yahoo.co.in
403320@yahoo.co.in
1582150@yahoo.co.in
19000@yahoo.co.in
1815900@yahoo.co.in
78170@yahoo.co.in
341240@yahoo.co.in
1382280@yahoo.co.in
14200@yahoo.co.in
764420@yahoo.co.in
37580@yahoo.co.in
246250@yahoo.co.in
474910@yahoo.co.in
5690@yahoo.co.in
2115180@yahoo.co.in
92510@yahoo.co.in
404060@yahoo.co.in
1598750@yahoo.co.in
19860@yahoo.co.in
1840800@yahoo.co.in
77640@yahoo.co.in
342170@yahoo.co.in
1406540@yahoo.co.in
14460@yahoo.co.in
791650@yahoo.co.in
38890@yahoo.co.in
251440@yahoo.co.in
495680@yahoo.co.in
5630@yahoo.co.in
2130250@yahoo.co.in
92100@yahoo.co.in
406040@yahoo.co.in
1610150@yahoo.co.in
21960@yahoo.co.in
1861190@yahoo.co.in
77570@yahoo.co.in
344700@yahoo.co.in
1422480@yahoo.co.in
16450@yahoo.co.in
773460@yahoo.co.in
36490@yahoo.co.in
251150@yahoo.co.in
479500@yahoo.co.in
6320@yahoo.co.in
2098050@yahoo.co.in
87550@yahoo.co.in
401550@yahoo.co.in
1586790@yahoo.co.in
22160@yahoo.co.in
1855820@yahoo.co.in
75510@yahoo.co.in
344530@yahoo.co.in
1417940@yahoo.co.in
17840@yahoo.co.in
763930@yahoo.co.in
35580@yahoo.co.in
250230@yahoo.co.in
471700@yahoo.co.in
6420@yahoo.co.in
2107880@yahoo.co.in
88060@yahoo.co.in
401570@yahoo.co.in
1594370@yahoo.co.in
23880@yahoo.co.in
1851010@yahoo.co.in
75080@yahoo.co.in
342580@yahoo.co.in
1414410@yahoo.co.in
18930@yahoo.co.in
788770@yahoo.co.in
36620@yahoo.co.in
251580@yahoo.co.in
493270@yahoo.co.in
7310@yahoo.co.in
2114400@yahoo.co.in
88660@yahoo.co.in
402330@yahoo.co.in
1598080@yahoo.co.in
25330@yahoo.co.in
1847560@yahoo.co.in
75860@yahoo.co.in
343250@yahoo.co.in
1407740@yahoo.co.in
20710@yahoo.co.in
769490@yahoo.co.in
36290@yahoo.co.in
248630@yahoo.co.in
475600@yahoo.co.in
8980@yahoo.co.in
2119540@yahoo.co.in
89330@yahoo.co.in
401650@yahoo.co.in
1601450@yahoo.co.in
27100@yahoo.co.in
1851380@yahoo.co.in
76170@yahoo.co.in
342220@yahoo.co.in
1410730@yahoo.co.in
22260@yahoo.co.in
765480@yahoo.co.in
37220@yahoo.co.in
249260@yahoo.co.in
470520@yahoo.co.in
8480@yahoo.co.in
2101410@yahoo.co.in
87580@yahoo.co.in
400860@yahoo.co.in
1590110@yahoo.co.in
22870@yahoo.co.in
1848220@yahoo.co.in
75240@yahoo.co.in
342960@yahoo.co.in
1411050@yahoo.co.in
18970@yahoo.co.in
768350@yahoo.co.in
35660@yahoo.co.in
248370@yahoo.co.in
475290@yahoo.co.in
9040@yahoo.co.in
2105750@yahoo.co.in
88990@yahoo.co.in
400690@yahoo.co.in
1591780@yahoo.co.in
24290@yahoo.co.in
1843920@yahoo.co.in
76380@yahoo.co.in
341660@yahoo.co.in
1405800@yahoo.co.in
20080@yahoo.co.in
768500@yahoo.co.in
36130@yahoo.co.in
249960@yahoo.co.in
472290@yahoo.co.in
10120@yahoo.co.in
2123440@yahoo.co.in
89960@yahoo.co.in
402360@yahoo.co.in
1603410@yahoo.co.in
27710@yahoo.co.in
1861580@yahoo.co.in
76080@yahoo.co.in
342720@yahoo.co.in
1420080@yahoo.co.in
22710@yahoo.co.in
771600@yahoo.co.in
36060@yahoo.co.in
248050@yahoo.co.in
474680@yahoo.co.in
12810@yahoo.co.in
2138080@yahoo.co.in
90930@yahoo.co.in
402480@yahoo.co.in
1613950@yahoo.co.in
30720@yahoo.co.in
1878500@yahoo.co.in
76940@yahoo.co.in
343050@yahoo.co.in
1434160@yahoo.co.in
24360@yahoo.co.in
779310@yahoo.co.in
35840@yahoo.co.in
250750@yahoo.co.in
479070@yahoo.co.in
13660@yahoo.co.in
2149340@yahoo.co.in
91390@yahoo.co.in
404350@yahoo.co.in
1620190@yahoo.co.in
33410@yahoo.co.in
1873450@yahoo.co.in
76940@yahoo.co.in
343150@yahoo.co.in
1425590@yahoo.co.in
27780@yahoo.co.in
781100@yahoo.co.in
36030@yahoo.co.in
250140@yahoo.co.in
479850@yahoo.co.in
15080@yahoo.co.in
2131690@yahoo.co.in
90530@yahoo.co.in
400900@yahoo.co.in
1609140@yahoo.co.in
31130@yahoo.co.in
1852270@yahoo.co.in
77740@yahoo.co.in
342530@yahoo.co.in
1405400@yahoo.co.in
26600@yahoo.co.in
799670@yahoo.co.in
36780@yahoo.co.in
249940@yahoo.co.in
500000@yahoo.co.in
12950@yahoo.co.in
2139890@yahoo.co.in
90340@yahoo.co.in
400550@yahoo.co.in
1617040@yahoo.co.in
31960@yahoo.co.in
1883740@yahoo.co.in
77020@yahoo.co.in
342350@yahoo.co.in
1437210@yahoo.co.in
27160@yahoo.co.in
799520@yahoo.co.in
35880@yahoo.co.in
249910@yahoo.co.in
497180@yahoo.co.in
16550@yahoo.co.in
2145780@yahoo.co.in
91990@yahoo.co.in
402040@yahoo.co.in
1619840@yahoo.co.in
31910@yahoo.co.in
1889700@yahoo.co.in
78600@yahoo.co.in
342760@yahoo.co.in
1441220@yahoo.co.in
27120@yahoo.co.in
796980@yahoo.co.in
37190@yahoo.co.in
252880@yahoo.co.in
491010@yahoo.co.in
15900@yahoo.co.in
2142950@yahoo.co.in
92840@yahoo.co.in
403430@yahoo.co.in
1611940@yahoo.co.in
34740@yahoo.co.in
1877380@yahoo.co.in
78470@yahoo.co.in
343150@yahoo.co.in
1426340@yahoo.co.in
29420@yahoo.co.in
808180@yahoo.co.in
36020@yahoo.co.in
251240@yahoo.co.in
502530@yahoo.co.in
18390@yahoo.co.in
2108820@yahoo.co.in
92050@yahoo.co.in
400160@yahoo.co.in
1585680@yahoo.co.in
30920@yahoo.co.in
1856420@yahoo.co.in
78870@yahoo.co.in
343440@yahoo.co.in
1407590@yahoo.co.in
26520@yahoo.co.in
786700@yahoo.co.in
35920@yahoo.co.in
251530@yahoo.co.in
482870@yahoo.co.in
16380@yahoo.co.in
2116540@yahoo.co.in
93400@yahoo.co.in
401400@yahoo.co.in
1591690@yahoo.co.in
30050@yahoo.co.in
1852980@yahoo.co.in
76750@yahoo.co.in
343870@yahoo.co.in
1407230@yahoo.co.in
25130@yahoo.co.in
788900@yahoo.co.in
33850@yahoo.co.in
253160@yahoo.co.in
487160@yahoo.co.in
14730@yahoo.co.in
2145120@yahoo.co.in
94590@yahoo.co.in
403780@yahoo.co.in
1616440@yahoo.co.in
30310@yahoo.co.in
1853970@yahoo.co.in
75730@yahoo.co.in
344160@yahoo.co.in
1408970@yahoo.co.in
25110@yahoo.co.in
781470@yahoo.co.in
32360@yahoo.co.in
251440@yahoo.co.in
483460@yahoo.co.in
14200@yahoo.co.in
2127060@yahoo.co.in
93460@yahoo.co.in
403360@yahoo.co.in
1599260@yahoo.co.in
30970@yahoo.co.in
1841710@yahoo.co.in
74850@yahoo.co.in
343820@yahoo.co.in
1397250@yahoo.co.in
25790@yahoo.co.in
782680@yahoo.co.in
30930@yahoo.co.in
252120@yahoo.co.in
485080@yahoo.co.in
14550@yahoo.co.in
2160420@yahoo.co.in
95200@yahoo.co.in
407000@yahoo.co.in
1622670@yahoo.co.in
35540@yahoo.co.in
1876640@yahoo.co.in
75760@yahoo.co.in
346360@yahoo.co.in
1426360@yahoo.co.in
28150@yahoo.co.in
786860@yahoo.co.in
31560@yahoo.co.in
253000@yahoo.co.in
485570@yahoo.co.in
16730@yahoo.co.in
2156540@yahoo.co.in
95070@yahoo.co.in
404760@yahoo.co.in
1626050@yahoo.co.in
30660@yahoo.co.in
1885780@yahoo.co.in
77260@yahoo.co.in
347180@yahoo.co.in
1438300@yahoo.co.in
23040@yahoo.co.in
789630@yahoo.co.in
32640@yahoo.co.in
255920@yahoo.co.in
488040@yahoo.co.in
13020@yahoo.co.in
2165290@yahoo.co.in
97720@yahoo.co.in
406350@yahoo.co.in
1629980@yahoo.co.in
31230@yahoo.co.in
1899370@yahoo.co.in
79040@yahoo.co.in
346540@yahoo.co.in
1452760@yahoo.co.in
21030@yahoo.co.in
794240@yahoo.co.in
34200@yahoo.co.in
255880@yahoo.co.in
493220@yahoo.co.in
10950@yahoo.co.in
2168890@yahoo.co.in
99080@yahoo.co.in
406540@yahoo.co.in
1633950@yahoo.co.in
29320@yahoo.co.in
1903550@yahoo.co.in
80190@yahoo.co.in
347790@yahoo.co.in
1452080@yahoo.co.in
23480@yahoo.co.in
793190@yahoo.co.in
34420@yahoo.co.in
257410@yahoo.co.in
492460@yahoo.co.in
8900@yahoo.co.in
2196180@yahoo.co.in
102680@yahoo.co.in
413050@yahoo.co.in
1648210@yahoo.co.in
32240@yahoo.co.in
1924520@yahoo.co.in
82440@yahoo.co.in
351330@yahoo.co.in
1464650@yahoo.co.in
26100@yahoo.co.in
795490@yahoo.co.in
35410@yahoo.co.in
256470@yahoo.co.in
493430@yahoo.co.in
10170@yahoo.co.in
2200540@yahoo.co.in
103430@yahoo.co.in
412480@yahoo.co.in
1653150@yahoo.co.in
31490@yahoo.co.in
1934570@yahoo.co.in
85050@yahoo.co.in
353690@yahoo.co.in
1475870@yahoo.co.in
19960@yahoo.co.in
815290@yahoo.co.in
37730@yahoo.co.in
257030@yahoo.co.in
510360@yahoo.co.in
10180@yahoo.co.in
2222370@yahoo.co.in
106760@yahoo.co.in
416030@yahoo.co.in
1665950@yahoo.co.in
33620@yahoo.co.in
1948390@yahoo.co.in
87270@yahoo.co.in
356330@yahoo.co.in
1484330@yahoo.co.in
20460@yahoo.co.in
807380@yahoo.co.in
38940@yahoo.co.in
258930@yahoo.co.in
498860@yahoo.co.in
10640@yahoo.co.in
2239740@yahoo.co.in
109720@yahoo.co.in
419380@yahoo.co.in
1674420@yahoo.co.in
36220@yahoo.co.in
1960690@yahoo.co.in
89830@yahoo.co.in
359740@yahoo.co.in
1485310@yahoo.co.in
25810@yahoo.co.in
806530@yahoo.co.in
41150@yahoo.co.in
260360@yahoo.co.in
493140@yahoo.co.in
11880@yahoo.co.in
2242450@yahoo.co.in
112090@yahoo.co.in
422140@yahoo.co.in
1671130@yahoo.co.in
37090@yahoo.co.in
1979180@yahoo.co.in
91990@yahoo.co.in
362260@yahoo.co.in
1492830@yahoo.co.in
32100@yahoo.co.in
816200@yahoo.co.in
42140@yahoo.co.in
261150@yahoo.co.in
502970@yahoo.co.in
9950@yahoo.co.in
2251260@yahoo.co.in
110810@yahoo.co.in
419510@yahoo.co.in
1683510@yahoo.co.in
37430@yahoo.co.in
1985460@yahoo.co.in
92720@yahoo.co.in
362260@yahoo.co.in
1497200@yahoo.co.in
33280@yahoo.co.in
836150@yahoo.co.in
43190@yahoo.co.in
265660@yahoo.co.in
515980@yahoo.co.in
11310@yahoo.co.in
2252760@yahoo.co.in
113270@yahoo.co.in
421200@yahoo.co.in
1680400@yahoo.co.in
37890@yahoo.co.in
1835570@yahoo.co.in
93270@yahoo.co.in
359690@yahoo.co.in
1349790@yahoo.co.in
32820@yahoo.co.in
860050@yahoo.co.in
45370@yahoo.co.in
269360@yahoo.co.in
521470@yahoo.co.in
23860@yahoo.co.in
2232110@yahoo.co.in
112530@yahoo.co.in
417910@yahoo.co.in
1662520@yahoo.co.in
39150@yahoo.co.in
1928010@yahoo.co.in
91570@yahoo.co.in
355150@yahoo.co.in
1455140@yahoo.co.in
26150@yahoo.co.in
795540@yahoo.co.in
42660@yahoo.co.in
238940@yahoo.co.in
497280@yahoo.co.in
16660@yahoo.co.in
2133050@yahoo.co.in
104880@yahoo.co.in
396480@yahoo.co.in
1593900@yahoo.co.in
37800@yahoo.co.in
1844210@yahoo.co.in
85180@yahoo.co.in
333370@yahoo.co.in
1409350@yahoo.co.in
16320@yahoo.co.in
702100@yahoo.co.in
36660@yahoo.co.in
215360@yahoo.co.in
443750@yahoo.co.in
6340@yahoo.co.in
2128470@yahoo.co.in
105300@yahoo.co.in
395960@yahoo.co.in
1588750@yahoo.co.in
38460@yahoo.co.in
1842590@yahoo.co.in
84730@yahoo.co.in
332920@yahoo.co.in
1392420@yahoo.co.in
32530@yahoo.co.in
769460@yahoo.co.in
38780@yahoo.co.in
234850@yahoo.co.in
475340@yahoo.co.in
20500@yahoo.co.in
2130680@yahoo.co.in
108060@yahoo.co.in
401880@yahoo.co.in
1581010@yahoo.co.in
39740@yahoo.co.in
1869550@yahoo.co.in
89440@yahoo.co.in
341930@yahoo.co.in
1403550@yahoo.co.in
